2026-02-16 04:49:30 [INFO] transcribe_missing: ============================================================
2026-02-16 04:49:30 [INFO] transcribe_missing: Local Whisper Transcription (mlx-whisper)
2026-02-16 04:49:30 [INFO] transcribe_missing: ============================================================
2026-02-16 04:49:30 [INFO] transcribe_missing: Audio dir:      data/output/audio
2026-02-16 04:49:30 [INFO] transcribe_missing: Transcript dir: data/output/transcripts
2026-02-16 04:49:30 [INFO] transcribe_missing: Model:          mlx-community/whisper-large-v3-turbo
2026-02-16 04:49:30 [INFO] transcribe_missing: Language:       en
2026-02-16 04:49:30 [INFO] journal_utilities.transcriber: Found 126 audio files missing transcripts (out of 274 total audio files)
2026-02-16 04:49:30 [INFO] journal_utilities.transcriber: Starting batch transcription of 126 files
2026-02-16 04:49:30 [INFO] journal_utilities.transcriber: [1/126] Transcribing -cKpXSZLvMQ.mp3
2026-02-16 04:49:30 [INFO] journal_utilities.transcriber: Transcribing -cKpXSZLvMQ with model mlx-community/whisper-large-v3-turbo
2026-02-16 04:49:31 [DEBUG] urllib3.connectionpool: Starting new HTTPS connection (1): huggingface.co:443
2026-02-16 04:49:31 [DEBUG] urllib3.connectionpool: https://huggingface.co:443 "GET /api/models/mlx-community/whisper-large-v3-turbo/revision/main HTTP/1.1" 200 911
Fetching 4 files:   0%|          | 0/4 [00:00<?, ?it/s]Fetching 4 files: 100%|██████████| 4/4 [00:00<00:00, 59705.40it/s]
2026-02-16 04:51:49 [INFO] journal_utilities.transcriber: Transcribed -cKpXSZLvMQ in 139.1s (49570 chars)
2026-02-16 04:51:49 [INFO] journal_utilities.transcriber: [2/126] Transcribing 09FfbL1YYOI.mp3
2026-02-16 04:51:49 [INFO] journal_utilities.transcriber: Transcribing 09FfbL1YYOI with model mlx-community/whisper-large-v3-turbo
2026-02-16 04:52:45 [INFO] journal_utilities.transcriber: Transcribed 09FfbL1YYOI in 55.8s (18554 chars)
2026-02-16 04:52:45 [INFO] journal_utilities.transcriber: [3/126] Transcribing 0cOV7-St2Ws.mp3
2026-02-16 04:52:45 [INFO] journal_utilities.transcriber: Transcribing 0cOV7-St2Ws with model mlx-community/whisper-large-v3-turbo
2026-02-16 04:55:18 [INFO] journal_utilities.transcriber: Transcribed 0cOV7-St2Ws in 153.4s (36021 chars)
2026-02-16 04:55:18 [INFO] journal_utilities.transcriber: [4/126] Transcribing 0h_mf5usgvg.mp3
2026-02-16 04:55:18 [INFO] journal_utilities.transcriber: Transcribing 0h_mf5usgvg with model mlx-community/whisper-large-v3-turbo
2026-02-16 04:58:09 [INFO] journal_utilities.transcriber: Transcribed 0h_mf5usgvg in 171.4s (68989 chars)
2026-02-16 04:58:09 [INFO] journal_utilities.transcriber: [5/126] Transcribing 0t14D4epcuw.mp3
2026-02-16 04:58:09 [INFO] journal_utilities.transcriber: Transcribing 0t14D4epcuw with model mlx-community/whisper-large-v3-turbo
2026-02-16 05:00:18 [INFO] journal_utilities.transcriber: Transcribed 0t14D4epcuw in 128.9s (44425 chars)
2026-02-16 05:00:18 [INFO] journal_utilities.transcriber: [6/126] Transcribing 0x3TIoZal9Q.mp3
2026-02-16 05:00:18 [INFO] journal_utilities.transcriber: Transcribing 0x3TIoZal9Q with model mlx-community/whisper-large-v3-turbo
2026-02-16 05:02:28 [INFO] journal_utilities.transcriber: Transcribed 0x3TIoZal9Q in 129.8s (42466 chars)
2026-02-16 05:02:28 [INFO] journal_utilities.transcriber: [7/126] Transcribing 0zUYswqn8aI.mp3
2026-02-16 05:02:28 [INFO] journal_utilities.transcriber: Transcribing 0zUYswqn8aI with model mlx-community/whisper-large-v3-turbo
2026-02-16 05:04:24 [INFO] journal_utilities.transcriber: Transcribed 0zUYswqn8aI in 115.9s (41926 chars)
2026-02-16 05:04:24 [INFO] journal_utilities.transcriber: [8/126] Transcribing 1-2-DNekZdM.mp3
2026-02-16 05:04:24 [INFO] journal_utilities.transcriber: Transcribing 1-2-DNekZdM with model mlx-community/whisper-large-v3-turbo
2026-02-16 05:06:03 [INFO] journal_utilities.transcriber: Transcribed 1-2-DNekZdM in 99.6s (32830 chars)
2026-02-16 05:06:03 [INFO] journal_utilities.transcriber: [9/126] Transcribing 1Ooz_N1HJ58.mp3
2026-02-16 05:06:03 [INFO] journal_utilities.transcriber: Transcribing 1Ooz_N1HJ58 with model mlx-community/whisper-large-v3-turbo
2026-02-16 05:07:27 [INFO] journal_utilities.transcriber: Transcribed 1Ooz_N1HJ58 in 83.8s (30485 chars)
2026-02-16 05:07:27 [INFO] journal_utilities.transcriber: [10/126] Transcribing 3GJS1uVnQo4.mp3
2026-02-16 05:07:27 [INFO] journal_utilities.transcriber: Transcribing 3GJS1uVnQo4 with model mlx-community/whisper-large-v3-turbo
2026-02-16 05:09:16 [INFO] journal_utilities.transcriber: Transcribed 3GJS1uVnQo4 in 109.0s (32897 chars)
2026-02-16 05:09:16 [INFO] journal_utilities.transcriber: [11/126] Transcribing 3U8AXcIaUFI.mp3
2026-02-16 05:09:16 [INFO] journal_utilities.transcriber: Transcribing 3U8AXcIaUFI with model mlx-community/whisper-large-v3-turbo
2026-02-16 05:10:33 [INFO] journal_utilities.transcriber: Transcribed 3U8AXcIaUFI in 76.5s (30483 chars)
2026-02-16 05:10:33 [INFO] journal_utilities.transcriber: [12/126] Transcribing 4ZffpVN-Pe4.mp3
2026-02-16 05:10:33 [INFO] journal_utilities.transcriber: Transcribing 4ZffpVN-Pe4 with model mlx-community/whisper-large-v3-turbo
2026-02-16 05:12:05 [INFO] journal_utilities.transcriber: Transcribed 4ZffpVN-Pe4 in 92.2s (33531 chars)
2026-02-16 05:12:05 [INFO] journal_utilities.transcriber: [13/126] Transcribing 4q-UYQMMrDg.mp3
2026-02-16 05:12:05 [INFO] journal_utilities.transcriber: Transcribing 4q-UYQMMrDg with model mlx-community/whisper-large-v3-turbo
2026-02-16 05:13:35 [INFO] journal_utilities.transcriber: Transcribed 4q-UYQMMrDg in 90.4s (36018 chars)
2026-02-16 05:13:35 [INFO] journal_utilities.transcriber: [14/126] Transcribing 5F8kbj05KHU.mp3
2026-02-16 05:13:35 [INFO] journal_utilities.transcriber: Transcribing 5F8kbj05KHU with model mlx-community/whisper-large-v3-turbo
2026-02-16 05:15:27 [INFO] journal_utilities.transcriber: Transcribed 5F8kbj05KHU in 111.9s (37620 chars)
2026-02-16 05:15:27 [INFO] journal_utilities.transcriber: [15/126] Transcribing 5a8zJ25BLYU.mp3
2026-02-16 05:15:27 [INFO] journal_utilities.transcriber: Transcribing 5a8zJ25BLYU with model mlx-community/whisper-large-v3-turbo
2026-02-16 05:17:36 [INFO] journal_utilities.transcriber: Transcribed 5a8zJ25BLYU in 128.6s (36391 chars)
2026-02-16 05:17:36 [INFO] journal_utilities.transcriber: [16/126] Transcribing 5uTr029Vzkg.mp3
2026-02-16 05:17:36 [INFO] journal_utilities.transcriber: Transcribing 5uTr029Vzkg with model mlx-community/whisper-large-v3-turbo
python(74483) MallocStackLogging: can't turn off malloc stack logging because it was not enabled.
2026-02-16 05:47:38 [INFO] journal_utilities.transcriber: Transcribed 5uTr029Vzkg in 1802.0s (715649 chars)
2026-02-16 05:47:38 [INFO] journal_utilities.transcriber: [17/126] Transcribing 6w-2IBLM6KU.mp3
2026-02-16 05:47:38 [INFO] journal_utilities.transcriber: Transcribing 6w-2IBLM6KU with model mlx-community/whisper-large-v3-turbo
python(85679) MallocStackLogging: can't turn off malloc stack logging because it was not enabled.
2026-02-16 05:49:30 [INFO] journal_utilities.transcriber: Transcribed 6w-2IBLM6KU in 111.8s (28129 chars)
2026-02-16 05:49:30 [INFO] journal_utilities.transcriber: [18/126] Transcribing 7GGGBMFuRXE.mp3
2026-02-16 05:49:30 [INFO] journal_utilities.transcriber: Transcribing 7GGGBMFuRXE with model mlx-community/whisper-large-v3-turbo
python(85820) MallocStackLogging: can't turn off malloc stack logging because it was not enabled.
2026-02-16 05:52:46 [INFO] journal_utilities.transcriber: Transcribed 7GGGBMFuRXE in 196.0s (109351 chars)
2026-02-16 05:52:46 [INFO] journal_utilities.transcriber: [19/126] Transcribing 7bKXo3caFH8.mp3
2026-02-16 05:52:46 [INFO] journal_utilities.transcriber: Transcribing 7bKXo3caFH8 with model mlx-community/whisper-large-v3-turbo
python(86007) MallocStackLogging: can't turn off malloc stack logging because it was not enabled.
2026-02-16 05:54:15 [INFO] journal_utilities.transcriber: Transcribed 7bKXo3caFH8 in 89.4s (34594 chars)
2026-02-16 05:54:15 [INFO] journal_utilities.transcriber: [20/126] Transcribing 82jRowV0oqA.mp3
2026-02-16 05:54:15 [INFO] journal_utilities.transcriber: Transcribing 82jRowV0oqA with model mlx-community/whisper-large-v3-turbo
python(86168) MallocStackLogging: can't turn off malloc stack logging because it was not enabled.
2026-02-16 05:56:01 [INFO] journal_utilities.transcriber: Transcribed 82jRowV0oqA in 105.9s (37668 chars)
2026-02-16 05:56:01 [INFO] journal_utilities.transcriber: [21/126] Transcribing 85ob-jrG7xQ.mp3
2026-02-16 05:56:01 [INFO] journal_utilities.transcriber: Transcribing 85ob-jrG7xQ with model mlx-community/whisper-large-v3-turbo
python(86330) MallocStackLogging: can't turn off malloc stack logging because it was not enabled.
2026-02-16 05:57:54 [INFO] journal_utilities.transcriber: Transcribed 85ob-jrG7xQ in 113.4s (63836 chars)
2026-02-16 05:57:54 [INFO] journal_utilities.transcriber: [22/126] Transcribing 8DlXH6Wk_h8.mp3
2026-02-16 05:57:54 [INFO] journal_utilities.transcriber: Transcribing 8DlXH6Wk_h8 with model mlx-community/whisper-large-v3-turbo
python(86520) MallocStackLogging: can't turn off malloc stack logging because it was not enabled.
2026-02-16 05:59:45 [INFO] journal_utilities.transcriber: Transcribed 8DlXH6Wk_h8 in 111.2s (32332 chars)
2026-02-16 05:59:45 [INFO] journal_utilities.transcriber: [23/126] Transcribing 8HKcr0bOLG4.mp3
2026-02-16 05:59:45 [INFO] journal_utilities.transcriber: Transcribing 8HKcr0bOLG4 with model mlx-community/whisper-large-v3-turbo
python(86633) MallocStackLogging: can't turn off malloc stack logging because it was not enabled.
2026-02-16 06:01:16 [INFO] journal_utilities.transcriber: Transcribed 8HKcr0bOLG4 in 90.3s (37380 chars)
2026-02-16 06:01:16 [INFO] journal_utilities.transcriber: [24/126] Transcribing 8OT2EC-l0N4.mp3
2026-02-16 06:01:16 [INFO] journal_utilities.transcriber: Transcribing 8OT2EC-l0N4 with model mlx-community/whisper-large-v3-turbo
python(86798) MallocStackLogging: can't turn off malloc stack logging because it was not enabled.
2026-02-16 06:05:06 [INFO] journal_utilities.transcriber: Transcribed 8OT2EC-l0N4 in 230.4s (76927 chars)
2026-02-16 06:05:06 [INFO] journal_utilities.transcriber: [25/126] Transcribing AKeKLERgmQA.mp3
2026-02-16 06:05:06 [INFO] journal_utilities.transcriber: Transcribing AKeKLERgmQA with model mlx-community/whisper-large-v3-turbo
python(87028) MallocStackLogging: can't turn off malloc stack logging because it was not enabled.
2026-02-16 06:06:43 [INFO] journal_utilities.transcriber: Transcribed AKeKLERgmQA in 97.2s (45786 chars)
2026-02-16 06:06:43 [INFO] journal_utilities.transcriber: [26/126] Transcribing AKyK7kKgI28.mp3
2026-02-16 06:06:43 [INFO] journal_utilities.transcriber: Transcribing AKyK7kKgI28 with model mlx-community/whisper-large-v3-turbo
python(87202) MallocStackLogging: can't turn off malloc stack logging because it was not enabled.
2026-02-16 06:09:34 [INFO] journal_utilities.transcriber: Transcribed AKyK7kKgI28 in 170.9s (79626 chars)
2026-02-16 06:09:34 [INFO] journal_utilities.transcriber: [27/126] Transcribing C1NxyfMDP4U.mp3
2026-02-16 06:09:34 [INFO] journal_utilities.transcriber: Transcribing C1NxyfMDP4U with model mlx-community/whisper-large-v3-turbo
python(87484) MallocStackLogging: can't turn off malloc stack logging because it was not enabled.
2026-02-16 06:12:21 [INFO] journal_utilities.transcriber: Transcribed C1NxyfMDP4U in 167.3s (66221 chars)
2026-02-16 06:12:21 [INFO] journal_utilities.transcriber: [28/126] Transcribing CFqMSSJ1X5g.mp3
2026-02-16 06:12:21 [INFO] journal_utilities.transcriber: Transcribing CFqMSSJ1X5g with model mlx-community/whisper-large-v3-turbo
python(87713) MallocStackLogging: can't turn off malloc stack logging because it was not enabled.
2026-02-16 06:14:08 [INFO] journal_utilities.transcriber: Transcribed CFqMSSJ1X5g in 106.2s (51362 chars)
2026-02-16 06:14:08 [INFO] journal_utilities.transcriber: [29/126] Transcribing Cd6rz0HzOe8.mp3
2026-02-16 06:14:08 [INFO] journal_utilities.transcriber: Transcribing Cd6rz0HzOe8 with model mlx-community/whisper-large-v3-turbo
python(87871) MallocStackLogging: can't turn off malloc stack logging because it was not enabled.
2026-02-16 06:16:26 [INFO] journal_utilities.transcriber: Transcribed Cd6rz0HzOe8 in 137.9s (34332 chars)
2026-02-16 06:16:26 [INFO] journal_utilities.transcriber: [30/126] Transcribing DrNJfmf_IdA.mp3
2026-02-16 06:16:26 [INFO] journal_utilities.transcriber: Transcribing DrNJfmf_IdA with model mlx-community/whisper-large-v3-turbo
python(88042) MallocStackLogging: can't turn off malloc stack logging because it was not enabled.
2026-02-16 06:17:42 [INFO] journal_utilities.transcriber: Transcribed DrNJfmf_IdA in 76.6s (29173 chars)
2026-02-16 06:17:42 [INFO] journal_utilities.transcriber: [31/126] Transcribing F-kYst2mxTQ.mp3
2026-02-16 06:17:42 [INFO] journal_utilities.transcriber: Transcribing F-kYst2mxTQ with model mlx-community/whisper-large-v3-turbo
python(88075) MallocStackLogging: can't turn off malloc stack logging because it was not enabled.
2026-02-16 06:19:07 [INFO] journal_utilities.transcriber: Transcribed F-kYst2mxTQ in 84.7s (37058 chars)
2026-02-16 06:19:07 [INFO] journal_utilities.transcriber: [32/126] Transcribing FeD_L8oOhIk.mp3
2026-02-16 06:19:07 [INFO] journal_utilities.transcriber: Transcribing FeD_L8oOhIk with model mlx-community/whisper-large-v3-turbo
python(88212) MallocStackLogging: can't turn off malloc stack logging because it was not enabled.
2026-02-16 06:21:54 [INFO] journal_utilities.transcriber: Transcribed FeD_L8oOhIk in 167.6s (75888 chars)
2026-02-16 06:21:54 [INFO] journal_utilities.transcriber: [33/126] Transcribing Fg3NqmI2R1g.mp3
2026-02-16 06:21:54 [INFO] journal_utilities.transcriber: Transcribing Fg3NqmI2R1g with model mlx-community/whisper-large-v3-turbo
python(88402) MallocStackLogging: can't turn off malloc stack logging because it was not enabled.
2026-02-16 06:23:53 [INFO] journal_utilities.transcriber: Transcribed Fg3NqmI2R1g in 118.2s (40379 chars)
2026-02-16 06:23:53 [INFO] journal_utilities.transcriber: [34/126] Transcribing G9GfOMjF4g0.mp3
2026-02-16 06:23:53 [INFO] journal_utilities.transcriber: Transcribing G9GfOMjF4g0 with model mlx-community/whisper-large-v3-turbo
python(88583) MallocStackLogging: can't turn off malloc stack logging because it was not enabled.
2026-02-16 06:25:20 [INFO] journal_utilities.transcriber: Transcribed G9GfOMjF4g0 in 87.4s (41533 chars)
2026-02-16 06:25:20 [INFO] journal_utilities.transcriber: [35/126] Transcribing GCfJupUKc0Y.mp3
2026-02-16 06:25:20 [INFO] journal_utilities.transcriber: Transcribing GCfJupUKc0Y with model mlx-community/whisper-large-v3-turbo
python(88736) MallocStackLogging: can't turn off malloc stack logging because it was not enabled.
2026-02-16 06:26:03 [INFO] journal_utilities.transcriber: Transcribed GCfJupUKc0Y in 42.8s (13927 chars)
2026-02-16 06:26:03 [INFO] journal_utilities.transcriber: [36/126] Transcribing GNAoP8T9WW4.mp3
2026-02-16 06:26:03 [INFO] journal_utilities.transcriber: Transcribing GNAoP8T9WW4 with model mlx-community/whisper-large-v3-turbo
python(88785) MallocStackLogging: can't turn off malloc stack logging because it was not enabled.
2026-02-16 06:29:08 [INFO] journal_utilities.transcriber: Transcribed GNAoP8T9WW4 in 185.4s (50263 chars)
2026-02-16 06:29:08 [INFO] journal_utilities.transcriber: [37/126] Transcribing GYBF_c-ajgI.mp3
2026-02-16 06:29:08 [INFO] journal_utilities.transcriber: Transcribing GYBF_c-ajgI with model mlx-community/whisper-large-v3-turbo
python(88966) MallocStackLogging: can't turn off malloc stack logging because it was not enabled.
2026-02-16 06:30:55 [INFO] journal_utilities.transcriber: Transcribed GYBF_c-ajgI in 106.4s (37367 chars)
2026-02-16 06:30:55 [INFO] journal_utilities.transcriber: [38/126] Transcribing GhUTj0OVEU8.mp3
2026-02-16 06:30:55 [INFO] journal_utilities.transcriber: Transcribing GhUTj0OVEU8 with model mlx-community/whisper-large-v3-turbo
python(89153) MallocStackLogging: can't turn off malloc stack logging because it was not enabled.
2026-02-16 06:32:35 [INFO] journal_utilities.transcriber: Transcribed GhUTj0OVEU8 in 100.7s (34862 chars)
2026-02-16 06:32:35 [INFO] journal_utilities.transcriber: [39/126] Transcribing GngvdY7-w10.mp3
2026-02-16 06:32:35 [INFO] journal_utilities.transcriber: Transcribing GngvdY7-w10 with model mlx-community/whisper-large-v3-turbo
python(89294) MallocStackLogging: can't turn off malloc stack logging because it was not enabled.
2026-02-16 06:35:46 [INFO] journal_utilities.transcriber: Transcribed GngvdY7-w10 in 190.6s (67030 chars)
2026-02-16 06:35:46 [INFO] journal_utilities.transcriber: [40/126] Transcribing HCuGxvefPOE.mp3
2026-02-16 06:35:46 [INFO] journal_utilities.transcriber: Transcribing HCuGxvefPOE with model mlx-community/whisper-large-v3-turbo
python(90216) MallocStackLogging: can't turn off malloc stack logging because it was not enabled.
2026-02-16 06:37:25 [INFO] journal_utilities.transcriber: Transcribed HCuGxvefPOE in 99.6s (34425 chars)
2026-02-16 06:37:25 [INFO] journal_utilities.transcriber: [41/126] Transcribing HyKS1A0Ga8s.mp3
2026-02-16 06:37:25 [INFO] journal_utilities.transcriber: Transcribing HyKS1A0Ga8s with model mlx-community/whisper-large-v3-turbo
python(91958) MallocStackLogging: can't turn off malloc stack logging because it was not enabled.
2026-02-16 06:40:00 [INFO] journal_utilities.transcriber: Transcribed HyKS1A0Ga8s in 154.1s (39268 chars)
2026-02-16 06:40:00 [INFO] journal_utilities.transcriber: [42/126] Transcribing INRaCBikpso.mp3
2026-02-16 06:40:00 [INFO] journal_utilities.transcriber: Transcribing INRaCBikpso with model mlx-community/whisper-large-v3-turbo
python(95263) MallocStackLogging: can't turn off malloc stack logging because it was not enabled.
2026-02-16 06:41:46 [INFO] journal_utilities.transcriber: Transcribed INRaCBikpso in 106.2s (44919 chars)
2026-02-16 06:41:46 [INFO] journal_utilities.transcriber: [43/126] Transcribing IpstHOA0o3I.mp3
2026-02-16 06:41:46 [INFO] journal_utilities.transcriber: Transcribing IpstHOA0o3I with model mlx-community/whisper-large-v3-turbo
python(98868) MallocStackLogging: can't turn off malloc stack logging because it was not enabled.
2026-02-16 06:42:09 [INFO] journal_utilities.transcriber: Transcribed IpstHOA0o3I in 23.1s (8982 chars)
2026-02-16 06:42:09 [INFO] journal_utilities.transcriber: [44/126] Transcribing JEz3du5S1os.mp3
2026-02-16 06:42:09 [INFO] journal_utilities.transcriber: Transcribing JEz3du5S1os with model mlx-community/whisper-large-v3-turbo
python(754) MallocStackLogging: can't turn off malloc stack logging because it was not enabled.
2026-02-16 06:44:12 [INFO] journal_utilities.transcriber: Transcribed JEz3du5S1os in 122.6s (38243 chars)
2026-02-16 06:44:12 [INFO] journal_utilities.transcriber: [45/126] Transcribing Jutffqjgy18.mp3
2026-02-16 06:44:12 [INFO] journal_utilities.transcriber: Transcribing Jutffqjgy18 with model mlx-community/whisper-large-v3-turbo
python(6497) MallocStackLogging: can't turn off malloc stack logging because it was not enabled.
2026-02-16 06:46:53 [INFO] journal_utilities.transcriber: Transcribed Jutffqjgy18 in 161.2s (90915 chars)
2026-02-16 06:46:53 [INFO] journal_utilities.transcriber: [46/126] Transcribing Jwu2UJi5xNA.mp3
2026-02-16 06:46:53 [INFO] journal_utilities.transcriber: Transcribing Jwu2UJi5xNA with model mlx-community/whisper-large-v3-turbo
python(12488) MallocStackLogging: can't turn off malloc stack logging because it was not enabled.
2026-02-16 06:48:31 [INFO] journal_utilities.transcriber: Transcribed Jwu2UJi5xNA in 98.6s (34026 chars)
2026-02-16 06:48:31 [INFO] journal_utilities.transcriber: [47/126] Transcribing LmgPFAlNHNQ.mp3
2026-02-16 06:48:31 [INFO] journal_utilities.transcriber: Transcribing LmgPFAlNHNQ with model mlx-community/whisper-large-v3-turbo
python(19348) MallocStackLogging: can't turn off malloc stack logging because it was not enabled.
2026-02-16 06:51:05 [INFO] journal_utilities.transcriber: Transcribed LmgPFAlNHNQ in 153.3s (65460 chars)
2026-02-16 06:51:05 [INFO] journal_utilities.transcriber: [48/126] Transcribing MJXyGtYuK1U.mp3
2026-02-16 06:51:05 [INFO] journal_utilities.transcriber: Transcribing MJXyGtYuK1U with model mlx-community/whisper-large-v3-turbo
python(20005) MallocStackLogging: can't turn off malloc stack logging because it was not enabled.
2026-02-16 06:52:58 [INFO] journal_utilities.transcriber: Transcribed MJXyGtYuK1U in 113.8s (37656 chars)
2026-02-16 06:52:58 [INFO] journal_utilities.transcriber: [49/126] Transcribing MlvyehPDQXg.mp3
2026-02-16 06:52:58 [INFO] journal_utilities.transcriber: Transcribing MlvyehPDQXg with model mlx-community/whisper-large-v3-turbo
python(21374) MallocStackLogging: can't turn off malloc stack logging because it was not enabled.
2026-02-16 06:56:04 [INFO] journal_utilities.transcriber: Transcribed MlvyehPDQXg in 185.7s (100616 chars)
2026-02-16 06:56:04 [INFO] journal_utilities.transcriber: [50/126] Transcribing N5H5I6cvcrQ.mp3
2026-02-16 06:56:04 [INFO] journal_utilities.transcriber: Transcribing N5H5I6cvcrQ with model mlx-community/whisper-large-v3-turbo
python(22156) MallocStackLogging: can't turn off malloc stack logging because it was not enabled.
2026-02-16 07:00:43 [INFO] journal_utilities.transcriber: Transcribed N5H5I6cvcrQ in 278.5s (142371 chars)
2026-02-16 07:00:43 [INFO] journal_utilities.transcriber: [51/126] Transcribing Nak508NmYYA.mp3
2026-02-16 07:00:43 [INFO] journal_utilities.transcriber: Transcribing Nak508NmYYA with model mlx-community/whisper-large-v3-turbo
python(24802) MallocStackLogging: can't turn off malloc stack logging because it was not enabled.
2026-02-16 07:02:50 [INFO] journal_utilities.transcriber: Transcribed Nak508NmYYA in 127.7s (33244 chars)
2026-02-16 07:02:50 [INFO] journal_utilities.transcriber: [52/126] Transcribing No0GIVMujik.mp3
2026-02-16 07:02:50 [INFO] journal_utilities.transcriber: Transcribing No0GIVMujik with model mlx-community/whisper-large-v3-turbo
python(29048) MallocStackLogging: can't turn off malloc stack logging because it was not enabled.
2026-02-16 07:05:16 [INFO] journal_utilities.transcriber: Transcribed No0GIVMujik in 145.3s (61191 chars)
2026-02-16 07:05:16 [INFO] journal_utilities.transcriber: [53/126] Transcribing O4JkF40yvqU.mp3
2026-02-16 07:05:16 [INFO] journal_utilities.transcriber: Transcribing O4JkF40yvqU with model mlx-community/whisper-large-v3-turbo
python(30298) MallocStackLogging: can't turn off malloc stack logging because it was not enabled.
2026-02-16 07:06:53 [INFO] journal_utilities.transcriber: Transcribed O4JkF40yvqU in 97.7s (45507 chars)
2026-02-16 07:06:53 [INFO] journal_utilities.transcriber: [54/126] Transcribing OmjS3Rhy7KY.mp3
2026-02-16 07:06:53 [INFO] journal_utilities.transcriber: Transcribing OmjS3Rhy7KY with model mlx-community/whisper-large-v3-turbo
python(30480) MallocStackLogging: can't turn off malloc stack logging because it was not enabled.
2026-02-16 07:07:31 [INFO] journal_utilities.transcriber: Transcribed OmjS3Rhy7KY in 37.1s (12282 chars)
2026-02-16 07:07:31 [INFO] journal_utilities.transcriber: [55/126] Transcribing On8-Ngn8pIE.mp3
2026-02-16 07:07:31 [INFO] journal_utilities.transcriber: Transcribing On8-Ngn8pIE with model mlx-community/whisper-large-v3-turbo
python(30514) MallocStackLogging: can't turn off malloc stack logging because it was not enabled.
2026-02-16 07:09:24 [INFO] journal_utilities.transcriber: Transcribed On8-Ngn8pIE in 113.0s (32624 chars)
2026-02-16 07:09:24 [INFO] journal_utilities.transcriber: [56/126] Transcribing PHfgUApaWgk.mp3
2026-02-16 07:09:24 [INFO] journal_utilities.transcriber: Transcribing PHfgUApaWgk with model mlx-community/whisper-large-v3-turbo
python(30603) MallocStackLogging: can't turn off malloc stack logging because it was not enabled.
2026-02-16 07:09:52 [INFO] journal_utilities.transcriber: Transcribed PHfgUApaWgk in 28.8s (11256 chars)
2026-02-16 07:09:52 [INFO] journal_utilities.transcriber: [57/126] Transcribing PKyPg32Lq9A.mp3
2026-02-16 07:09:52 [INFO] journal_utilities.transcriber: Transcribing PKyPg32Lq9A with model mlx-community/whisper-large-v3-turbo
python(30636) MallocStackLogging: can't turn off malloc stack logging because it was not enabled.
2026-02-16 07:11:48 [INFO] journal_utilities.transcriber: Transcribed PKyPg32Lq9A in 115.1s (38510 chars)
2026-02-16 07:11:48 [INFO] journal_utilities.transcriber: [58/126] Transcribing PPKFlARc7gY.mp3
2026-02-16 07:11:48 [INFO] journal_utilities.transcriber: Transcribing PPKFlARc7gY with model mlx-community/whisper-large-v3-turbo
python(30834) MallocStackLogging: can't turn off malloc stack logging because it was not enabled.
2026-02-16 07:13:34 [INFO] journal_utilities.transcriber: Transcribed PPKFlARc7gY in 106.6s (32685 chars)
2026-02-16 07:13:34 [INFO] journal_utilities.transcriber: [59/126] Transcribing Q5G-5FgTCFQ.mp3
2026-02-16 07:13:34 [INFO] journal_utilities.transcriber: Transcribing Q5G-5FgTCFQ with model mlx-community/whisper-large-v3-turbo
python(30954) MallocStackLogging: can't turn off malloc stack logging because it was not enabled.
2026-02-16 07:15:43 [INFO] journal_utilities.transcriber: Transcribed Q5G-5FgTCFQ in 128.6s (32343 chars)
2026-02-16 07:15:43 [INFO] journal_utilities.transcriber: [60/126] Transcribing QBEOnqGqeRY.mp3
2026-02-16 07:15:43 [INFO] journal_utilities.transcriber: Transcribing QBEOnqGqeRY with model mlx-community/whisper-large-v3-turbo
python(31154) MallocStackLogging: can't turn off malloc stack logging because it was not enabled.
2026-02-16 07:17:09 [INFO] journal_utilities.transcriber: Transcribed QBEOnqGqeRY in 86.4s (27739 chars)
2026-02-16 07:17:09 [INFO] journal_utilities.transcriber: [61/126] Transcribing QjGcN1l6NXg.mp3
2026-02-16 07:17:09 [INFO] journal_utilities.transcriber: Transcribing QjGcN1l6NXg with model mlx-community/whisper-large-v3-turbo
python(31211) MallocStackLogging: can't turn off malloc stack logging because it was not enabled.
2026-02-16 07:18:58 [INFO] journal_utilities.transcriber: Transcribed QjGcN1l6NXg in 108.7s (36146 chars)
2026-02-16 07:18:58 [INFO] journal_utilities.transcriber: [62/126] Transcribing QmVuId8SY8k.mp3
2026-02-16 07:18:58 [INFO] journal_utilities.transcriber: Transcribing QmVuId8SY8k with model mlx-community/whisper-large-v3-turbo
python(31384) MallocStackLogging: can't turn off malloc stack logging because it was not enabled.
2026-02-16 07:22:16 [INFO] journal_utilities.transcriber: Transcribed QmVuId8SY8k in 198.4s (81931 chars)
2026-02-16 07:22:16 [INFO] journal_utilities.transcriber: [63/126] Transcribing SV0glS6stuA.mp3
2026-02-16 07:22:16 [INFO] journal_utilities.transcriber: Transcribing SV0glS6stuA with model mlx-community/whisper-large-v3-turbo
python(36632) MallocStackLogging: can't turn off malloc stack logging because it was not enabled.
2026-02-16 07:22:21 [INFO] journal_utilities.transcriber: Transcribed SV0glS6stuA in 4.4s (1957 chars)
2026-02-16 07:22:21 [INFO] journal_utilities.transcriber: [64/126] Transcribing Tn_gJC1Z-xQ.mp3
2026-02-16 07:22:21 [INFO] journal_utilities.transcriber: Transcribing Tn_gJC1Z-xQ with model mlx-community/whisper-large-v3-turbo
python(36638) MallocStackLogging: can't turn off malloc stack logging because it was not enabled.
2026-02-16 07:23:08 [INFO] journal_utilities.transcriber: Transcribed Tn_gJC1Z-xQ in 47.2s (13120 chars)
2026-02-16 07:23:08 [INFO] journal_utilities.transcriber: [65/126] Transcribing U0rdFwflr4M.mp3
2026-02-16 07:23:08 [INFO] journal_utilities.transcriber: Transcribing U0rdFwflr4M with model mlx-community/whisper-large-v3-turbo
python(36717) MallocStackLogging: can't turn off malloc stack logging because it was not enabled.
2026-02-16 07:24:01 [INFO] journal_utilities.transcriber: Transcribed U0rdFwflr4M in 53.7s (19282 chars)
2026-02-16 07:24:01 [INFO] journal_utilities.transcriber: [66/126] Transcribing UYD8CR_Xorg.mp3
2026-02-16 07:24:01 [INFO] journal_utilities.transcriber: Transcribing UYD8CR_Xorg with model mlx-community/whisper-large-v3-turbo
python(36839) MallocStackLogging: can't turn off malloc stack logging because it was not enabled.
2026-02-16 07:24:43 [INFO] journal_utilities.transcriber: Transcribed UYD8CR_Xorg in 41.1s (16814 chars)
2026-02-16 07:24:43 [INFO] journal_utilities.transcriber: [67/126] Transcribing Ui8SwfQDhmA.mp3
2026-02-16 07:24:43 [INFO] journal_utilities.transcriber: Transcribing Ui8SwfQDhmA with model mlx-community/whisper-large-v3-turbo
python(36924) MallocStackLogging: can't turn off malloc stack logging because it was not enabled.
2026-02-16 07:26:31 [INFO] journal_utilities.transcriber: Transcribed Ui8SwfQDhmA in 108.3s (34554 chars)
2026-02-16 07:26:31 [INFO] journal_utilities.transcriber: [68/126] Transcribing VTivWre-8Kk.mp3
2026-02-16 07:26:31 [INFO] journal_utilities.transcriber: Transcribing VTivWre-8Kk with model mlx-community/whisper-large-v3-turbo
python(37630) MallocStackLogging: can't turn off malloc stack logging because it was not enabled.
2026-02-16 07:48:52 [INFO] journal_utilities.transcriber: Transcribed VTivWre-8Kk in 1340.9s (493760 chars)
2026-02-16 07:48:52 [INFO] journal_utilities.transcriber: [69/126] Transcribing W0637hJm_D4.mp3
2026-02-16 07:48:52 [INFO] journal_utilities.transcriber: Transcribing W0637hJm_D4 with model mlx-community/whisper-large-v3-turbo
python(48477) MallocStackLogging: can't turn off malloc stack logging because it was not enabled.
2026-02-16 07:51:03 [INFO] journal_utilities.transcriber: Transcribed W0637hJm_D4 in 131.5s (34497 chars)
2026-02-16 07:51:03 [INFO] journal_utilities.transcriber: [70/126] Transcribing W4lIy05RycM.mp3
2026-02-16 07:51:03 [INFO] journal_utilities.transcriber: Transcribing W4lIy05RycM with model mlx-community/whisper-large-v3-turbo
python(49003) MallocStackLogging: can't turn off malloc stack logging because it was not enabled.
2026-02-16 07:52:53 [INFO] journal_utilities.transcriber: Transcribed W4lIy05RycM in 109.4s (33307 chars)
2026-02-16 07:52:53 [INFO] journal_utilities.transcriber: [71/126] Transcribing WPYR76Pfzuc.mp3
2026-02-16 07:52:53 [INFO] journal_utilities.transcriber: Transcribing WPYR76Pfzuc with model mlx-community/whisper-large-v3-turbo
python(49818) MallocStackLogging: can't turn off malloc stack logging because it was not enabled.
2026-02-16 07:54:48 [INFO] journal_utilities.transcriber: Transcribed WPYR76Pfzuc in 114.9s (39948 chars)
2026-02-16 07:54:48 [INFO] journal_utilities.transcriber: [72/126] Transcribing Wp7OebX_k70.mp3
2026-02-16 07:54:48 [INFO] journal_utilities.transcriber: Transcribing Wp7OebX_k70 with model mlx-community/whisper-large-v3-turbo
python(50656) MallocStackLogging: can't turn off malloc stack logging because it was not enabled.
2026-02-16 07:56:38 [INFO] journal_utilities.transcriber: Transcribed Wp7OebX_k70 in 110.6s (65172 chars)
2026-02-16 07:56:38 [INFO] journal_utilities.transcriber: [73/126] Transcribing X2GwqUVLlcs.mp3
2026-02-16 07:56:38 [INFO] journal_utilities.transcriber: Transcribing X2GwqUVLlcs with model mlx-community/whisper-large-v3-turbo
python(51288) MallocStackLogging: can't turn off malloc stack logging because it was not enabled.
